Devices: [CpuDevice(id=0)]
Per-point limits: timeout=150.0s, mem_limit=4096.0MB

======================================================================
REFINED MULTISTEP -- 3 scenarios (N=10)
======================================================================
OK      compile 10445.58 ms   run(avg)  14.310 ms   mem  616088.0 KB   loss 0.000000   (elapsed 14.0s, peak_rss 602 MB)

======================================================================
REFINED MULTISTEP -- 4 scenarios (N=10)
======================================================================
OK      compile 18441.80 ms   run(avg)  28.312 ms   mem  896644.0 KB   loss 0.000000   (elapsed 24.0s, peak_rss 873 MB)

======================================================================
REFINED MULTISTEP -- 5 scenarios (N=10)
======================================================================
OK      compile 32726.85 ms   run(avg)  50.965 ms   mem 1257676.0 KB   loss 0.000000   (elapsed 42.0s, peak_rss 1220 MB)

======================================================================
REFINED MULTISTEP -- 6 scenarios (N=10)
======================================================================
OK      compile 77698.36 ms   run(avg)  69.654 ms   mem 1718636.0 KB   loss 0.000000   (elapsed 91.1s, peak_rss 1692 MB)

======================================================================
REFINED MULTISTEP -- 7 scenarios (N=10)
======================================================================
OK      compile 105241.22 ms   run(avg) 174.643 ms   mem 2275496.0 KB   loss 0.000000   (elapsed 130.2s, peak_rss 2197 MB)

======================================================================
REFINED MULTISTEP -- 8 scenarios (N=10)
======================================================================
OK      compile 114709.21 ms   run(avg) 240.811 ms   mem 2756224.0 KB   loss 0.000000   (elapsed 148.2s, peak_rss 2687 MB)

======================================================================
REFINED MULTISTEP -- 9 scenarios (N=10)
======================================================================
TIMEOUT killed (timeout): elapsed=150.3s peak_rss=3457.8MB

======================================================================
REFINED MULTISTEP -- 10 scenarios (N=10)
======================================================================
TIMEOUT killed (timeout): elapsed=150.3s peak_rss=3894.2MB

======================================================================
REFINED MULTISTEP -- 11 scenarios (N=10)
======================================================================
TIMEOUT killed (timeout): elapsed=150.2s peak_rss=1809.2MB

======================================================================
REFINED MULTISTEP -- 12 scenarios (N=10)
======================================================================
TIMEOUT killed (timeout): elapsed=150.2s peak_rss=1883.4MB

======================================================================
REFINED MULTISTEP -- 13 scenarios (N=10)
======================================================================
TIMEOUT killed (timeout): elapsed=150.2s peak_rss=1868.1MB

======================================================================
REFINED MULTISTEP -- 14 scenarios (N=10)
======================================================================
TIMEOUT killed (timeout): elapsed=150.2s peak_rss=1875.5MB

======================================================================
REFINED MULTISTEP -- 15 scenarios (N=10)
======================================================================
TIMEOUT killed (timeout): elapsed=150.2s peak_rss=1884.5MB

======================================================================
REFINED MULTISTEP -- 16 scenarios (N=10)
======================================================================
TIMEOUT killed (timeout): elapsed=150.2s peak_rss=1791.0MB

======================================================================
REFINED MULTISTEP -- 17 scenarios (N=10)
======================================================================
TIMEOUT killed (timeout): elapsed=150.2s peak_rss=1780.8MB

======================================================================
REFINED MULTISTEP -- 18 scenarios (N=10)
======================================================================
TIMEOUT killed (timeout): elapsed=150.2s peak_rss=1816.2MB

======================================================================
REFINED MULTISTEP -- 19 scenarios (N=10)
======================================================================
TIMEOUT killed (timeout): elapsed=150.2s peak_rss=1992.8MB

======================================================================
REFINED MULTISTEP -- 20 scenarios (N=10)
======================================================================
TIMEOUT killed (timeout): elapsed=150.2s peak_rss=2137.8MB

======================================================================
REFINED MULTISTEP -- 21 scenarios (N=10)
======================================================================
TIMEOUT killed (timeout): elapsed=150.2s peak_rss=2270.4MB

Done. Scenario-count runtime/memory data written to /home/user/output_feedback/nhholyap/examples/nonlinear_chain/refined_scenario_scaling.csv
