Devices: [CpuDevice(id=0)]
Per-point limits: timeout=150.0s, mem_limit=4096.0MB

======================================================================
UNREFINED MULTISTEP -- 3 scenarios (N=10)
======================================================================
OK      compile  3096.29 ms   run(avg)   9.925 ms   mem  486832.0 KB   loss 0.000000   (elapsed 5.5s, peak_rss 478 MB)

======================================================================
UNREFINED MULTISTEP -- 4 scenarios (N=10)
======================================================================
OK      compile  3998.38 ms   run(avg)  16.703 ms   mem  598472.0 KB   loss nan   (elapsed 7.0s, peak_rss 579 MB)

======================================================================
UNREFINED MULTISTEP -- 5 scenarios (N=10)
======================================================================
OK      compile  7664.45 ms   run(avg)  24.414 ms   mem  799780.0 KB   loss 0.000000   (elapsed 11.5s, peak_rss 765 MB)

======================================================================
UNREFINED MULTISTEP -- 6 scenarios (N=10)
======================================================================
OK      compile 13666.86 ms   run(avg)  36.123 ms   mem 1295172.0 KB   loss 0.000000   (elapsed 19.0s, peak_rss 1229 MB)

======================================================================
UNREFINED MULTISTEP -- 7 scenarios (N=10)
======================================================================
OK      compile 35395.57 ms   run(avg)  41.732 ms   mem 2064680.0 KB   loss 0.000000   (elapsed 41.6s, peak_rss 1971 MB)

======================================================================
UNREFINED MULTISTEP -- 8 scenarios (N=10)
======================================================================
OK      compile 67626.15 ms   run(avg)  77.194 ms   mem 3277692.0 KB   loss 0.000000   (elapsed 78.1s, peak_rss 3063 MB)

======================================================================
UNREFINED MULTISTEP -- 9 scenarios (N=10)
======================================================================
OOM     killed (oom): elapsed=81.2s peak_rss=4142.9MB

======================================================================
UNREFINED MULTISTEP -- 10 scenarios (N=10)
======================================================================
OOM     killed (oom): elapsed=90.2s peak_rss=4106.4MB

======================================================================
UNREFINED MULTISTEP -- 11 scenarios (N=10)
======================================================================
OOM     killed (oom): elapsed=102.7s peak_rss=4107.2MB

======================================================================
UNREFINED MULTISTEP -- 12 scenarios (N=10)
======================================================================
OOM     killed (oom): elapsed=117.3s peak_rss=4103.4MB

======================================================================
UNREFINED MULTISTEP -- 13 scenarios (N=10)
======================================================================
OOM     killed (oom): elapsed=129.8s peak_rss=4108.6MB

======================================================================
UNREFINED MULTISTEP -- 14 scenarios (N=10)
======================================================================
OOM     killed (oom): elapsed=140.8s peak_rss=4097.0MB

======================================================================
UNREFINED MULTISTEP -- 15 scenarios (N=10)
======================================================================
OOM     killed (oom): elapsed=141.8s peak_rss=4099.0MB

======================================================================
UNREFINED MULTISTEP -- 16 scenarios (N=10)
======================================================================
OOM     killed (oom): elapsed=134.8s peak_rss=4098.4MB

======================================================================
UNREFINED MULTISTEP -- 17 scenarios (N=10)
======================================================================
OOM     killed (oom): elapsed=107.2s peak_rss=4096.0MB

======================================================================
UNREFINED MULTISTEP -- 18 scenarios (N=10)
======================================================================
OOM     killed (oom): elapsed=63.2s peak_rss=4096.6MB

======================================================================
UNREFINED MULTISTEP -- 19 scenarios (N=10)
======================================================================
OOM     killed (oom): elapsed=36.7s peak_rss=4235.7MB

======================================================================
UNREFINED MULTISTEP -- 20 scenarios (N=10)
======================================================================
OOM     killed (oom): elapsed=34.2s peak_rss=4204.9MB

======================================================================
UNREFINED MULTISTEP -- 21 scenarios (N=10)
======================================================================
OOM     killed (oom): elapsed=36.2s peak_rss=4221.4MB

Done. Scenario-count runtime/memory data written to /home/user/output_feedback/nhholyap/examples/nonlinear_chain/unrefined_scenario_scaling.csv
