---------------------------------------
Begin Slurm Prolog: Aug-09-2026 23:53:24
Job ID:    11775729
User ID:   xni32
Account:   gts-scoogan3-fy20phase3
Job name:  admire-multistep_refined
Partition: gpu-v100
QOS:       inferno
---------------------------------------
=== Slurm job 11775729 (METHOD=multistep_refined) on atl1-1-02-009-34-0.pace.gatech.edu at Sun Aug  9 23:53:24 EDT 2026 ===
REPO_ROOT: /storage/scratch1/9/xni32/nhholyap
GPUs visible: 0
Tesla V100-PCIE-16GB, 575.57.08, 16384 MiB
Python: Python 3.11.15 @ /storage/scratch1/9/xni32/nhholyap/envs/immrax/bin/python
JAX devices: [CudaDevice(id=0)]

================================================================
  admire success-rate analysis -- method=multistep_refined, all horizons
  Started: Sun Aug  9 23:59:03 EDT 2026
================================================================
Devices: [CudaDevice(id=0)]
Config grid: 3 input_limits x 3 x0_widths = 9 configs, per (method, horizon)
Horizons: [0.5, 1.0, 2.0]  |  11 fault scenarios (unchanged)
Per (method, horizon): 20 restarts x 100 GD iters, success threshold = 1e-06

==============================================================================
MULTISTEP REFINED  |  horizon=0.5s (5 steps)
==============================================================================
compile 320277.86 ms total (35586.429 ms/config)   run 3919.683 ms total (435.520 ms/config)   mem {'bytes_in_use': 8704.0, 'peak_bytes_in_use': 213691136.0, 'bytes_limit': 12696256512.0, 'bytes_reserved': 0.0, 'peak_bytes_reserved': 0.0, 'largest_free_block_bytes': 0.0, 'pool_bytes': 12696256512.0, 'peak_pool_bytes': 12696256512.0}
Config success rate: 2/9 (22.2%)
Saved full data -> /storage/scratch1/9/xni32/nhholyap/examples/admire/admire_success_rate_data_multistep_refined_0.5s.npz

==============================================================================
MULTISTEP REFINED  |  horizon=1.0s (10 steps)
==============================================================================
compile 303605.86 ms total (33733.984 ms/config)   run 7943.373 ms total (882.597 ms/config)   mem {'bytes_in_use': 8704.0, 'peak_bytes_in_use': 220487680.0, 'bytes_limit': 12696256512.0, 'bytes_reserved': 0.0, 'peak_bytes_reserved': 0.0, 'largest_free_block_bytes': 0.0, 'pool_bytes': 12696256512.0, 'peak_pool_bytes': 12696256512.0}
Config success rate: 3/9 (33.3%)
Saved full data -> /storage/scratch1/9/xni32/nhholyap/examples/admire/admire_success_rate_data_multistep_refined_1.0s.npz

==============================================================================
MULTISTEP REFINED  |  horizon=2.0s (20 steps)
==============================================================================
compile 315105.66 ms total (35011.740 ms/config)   run 15981.009 ms total (1775.668 ms/config)   mem {'bytes_in_use': 8704.0, 'peak_bytes_in_use': 234960896.0, 'bytes_limit': 12696256512.0, 'bytes_reserved': 0.0, 'peak_bytes_reserved': 0.0, 'largest_free_block_bytes': 0.0, 'pool_bytes': 12696256512.0, 'peak_pool_bytes': 12696256512.0}
Config success rate: 4/9 (44.4%)
Saved full data -> /storage/scratch1/9/xni32/nhholyap/examples/admire/admire_success_rate_data_multistep_refined_2.0s.npz

Wrote summary CSV -> /storage/scratch1/9/xni32/nhholyap/examples/admire/admire_success_rate_summary_multistep_refined.csv

==============================================================================
SUMMARY
==============================================================================
  multistep_refined      @   0.5s: success  22.2%   compile  320.28s total   run  3919.68 ms total   mem {'bytes_in_use': 8704.0, 'peak_bytes_in_use': 213691136.0, 'bytes_limit': 12696256512.0, 'bytes_reserved': 0.0, 'peak_bytes_reserved': 0.0, 'largest_free_block_bytes': 0.0, 'pool_bytes': 12696256512.0, 'peak_pool_bytes': 12696256512.0}
  multistep_refined      @   1.0s: success  33.3%   compile  303.61s total   run  7943.37 ms total   mem {'bytes_in_use': 8704.0, 'peak_bytes_in_use': 220487680.0, 'bytes_limit': 12696256512.0, 'bytes_reserved': 0.0, 'peak_bytes_reserved': 0.0, 'largest_free_block_bytes': 0.0, 'pool_bytes': 12696256512.0, 'peak_pool_bytes': 12696256512.0}
  multistep_refined      @   2.0s: success  44.4%   compile  315.11s total   run 15981.01 ms total   mem {'bytes_in_use': 8704.0, 'peak_bytes_in_use': 234960896.0, 'bytes_limit': 12696256512.0, 'bytes_reserved': 0.0, 'peak_bytes_reserved': 0.0, 'largest_free_block_bytes': 0.0, 'pool_bytes': 12696256512.0, 'peak_pool_bytes': 12696256512.0}

admire success-rate analysis (method=multistep_refined) complete at Mon Aug 10 00:18:05 EDT 2026
---------------------------------------
Begin Slurm Epilog: Aug-10-2026 00:18:07
Job ID:        11775729
User ID:       xni32
Account:       gts-scoogan3-fy20phase3
Job name:      admire-multistep_refined
Resources:     cpu=8,gres/gpu:v100=1,mem=150G,node=1
Rsrc Used:     cput=03:18:16,vmem=0,walltime=00:24:47,mem=3921M,energy_used=0
Partition:     gpu-v100
QOS:           inferno
Nodes:         atl1-1-02-009-34-0
---------------------------------------
